// Jest Snapshot v1, https://goo.gl/fbAQLP

exports[`Music component matches the snapshot 1`] = `
<DocumentFragment>
  <section
    class="Music"
  >
    <h2>
      Music
    </h2>
    <iframe
      allow="autoplay"
      frameborder="no"
      height="300"
      scrolling="no"
      src="https://w.soundcloud.com/player/?url=https%3A//api.soundcloud.com/tracks/826679479&color=%23ff5500&auto_play=false&hide_related=false&show_comments=true&show_user=true&show_reposts=false&show_teaser=true&visual=true"
      title="Night Cycle"
      width="100%"
    />
    <iframe
      allow="autoplay"
      frameborder="no"
      height="300"
      scrolling="no"
      src="https://w.soundcloud.com/player/?url=https%3A//api.soundcloud.com/tracks/750036325&color=%23ff5500&auto_play=false&hide_related=false&show_comments=true&show_user=true&show_reposts=false&show_teaser=true&visual=true"
      title="Prime Soup"
      width="100%"
    />
  </section>
</DocumentFragment>
`;
