// Jest Snapshot v1, https://goo.gl/fbAQLP

exports[`Input component matches the snapshot 1`] = `
<DocumentFragment>
  <fieldset
    class="Input"
  >
    <input
      required=""
      type="text"
      value=""
    />
    <label />
  </fieldset>
</DocumentFragment>
`;
