// Jest Snapshot v1, https://goo.gl/fbAQLP

exports[`Project component matches the snapshot 1`] = `
<DocumentFragment>
  <section
    class="Project art-buddy"
  >
    <div
      class="Project-nav"
    >
      <button
        id="prev"
        title="Previous"
      >
        <svg
          aria-hidden="true"
          class="svg-inline--fa fa-arrow-left fa-w-14 "
          data-icon="arrow-left"
          data-prefix="fas"
          focusable="false"
          role="img"
          viewBox="0 0 448 512"
          xmlns="http://www.w3.org/2000/svg"
        >
          <path
            d="M257.5 445.1l-22.2 22.2c-9.4 9.4-24.6 9.4-33.9 0L7 273c-9.4-9.4-9.4-24.6 0-33.9L201.4 44.7c9.4-9.4 24.6-9.4 33.9 0l22.2 22.2c9.5 9.5 9.3 25-.4 34.3L136.6 216H424c13.3 0 24 10.7 24 24v32c0 13.3-10.7 24-24 24H136.6l120.5 114.8c9.8 9.3 10 24.8.4 34.3z"
            fill="currentColor"
          />
        </svg>
      </button>
      <button
        class="Project-exit"
      >
        Back to projects
      </button>
      <button
        id="next"
        title="Next"
      >
        <svg
          aria-hidden="true"
          class="svg-inline--fa fa-arrow-right fa-w-14 "
          data-icon="arrow-right"
          data-prefix="fas"
          focusable="false"
          role="img"
          viewBox="0 0 448 512"
          xmlns="http://www.w3.org/2000/svg"
        >
          <path
            d="M190.5 66.9l22.2-22.2c9.4-9.4 24.6-9.4 33.9 0L441 239c9.4 9.4 9.4 24.6 0 33.9L246.6 467.3c-9.4 9.4-24.6 9.4-33.9 0l-22.2-22.2c-9.5-9.5-9.3-25 .4-34.3L311.4 296H24c-13.3 0-24-10.7-24-24v-32c0-13.3 10.7-24 24-24h287.4L190.9 101.2c-9.8-9.3-10-24.8-.4-34.3z"
            fill="currentColor"
          />
        </svg>
      </button>
    </div>
    <h1>
      Art Buddy
    </h1>
    <div
      class="Project-info-img-container"
    >
      <div
        class="Project-img"
      >
        <img
          alt="A screenshot of Art Buddy"
          src="art-buddy.webp"
        />
        <section
          class="TechStack"
        >
          <figure
            class="TechStackCard"
          >
            <img
              alt="Javascript"
              class="TechStackCard-img"
              src="javascript.png"
            />
            <figcaption
              class="TechStackCard-caption"
            >
              Javascript
            </figcaption>
          </figure>
          <figure
            class="TechStackCard"
          >
            <img
              alt="React"
              class="TechStackCard-img"
              src="reactJS.png"
            />
            <figcaption
              class="TechStackCard-caption"
            >
              React
            </figcaption>
          </figure>
          <figure
            class="TechStackCard"
          >
            <img
              alt="CSS"
              class="TechStackCard-img"
              src="css.png"
            />
            <figcaption
              class="TechStackCard-caption"
            >
              CSS
            </figcaption>
          </figure>
          <figure
            class="TechStackCard"
          >
            <img
              alt="Redux"
              class="TechStackCard-img"
              src="redux.png"
            />
            <figcaption
              class="TechStackCard-caption"
            >
              Redux
            </figcaption>
          </figure>
          <figure
            class="TechStackCard"
          >
            <img
              alt="Jest"
              class="TechStackCard-img"
              src="jest.png"
            />
            <figcaption
              class="TechStackCard-caption"
            >
              Jest
            </figcaption>
          </figure>
        </section>
      </div>
      <div
        class="Project-info"
        tabindex="0"
      >
        <div
          class="Project-description"
        >
          <h2>
            Description
          </h2>
          <p>
            Art Buddy is a collection of arts-based games and tools designed specifically for the special education classroom and reaching students' academic goals. I worked with UX designer/fellow educator 
            <a
              href="https://uxfol.io/mattiebecker"
            >
              Mattie Becker
            </a>
             to make this.
          </p>
          <b>
            NOTE: I recommend viewing on a desktop. This app was purposely designed for a large screen.
          </b>
          <h2>
            Building this taught me how to...
          </h2>
          <ul>
            <li>
              make my code readable, obvious, and testable (I call it "making my code ROT")
            </li>
            <li>
              use package.json scripts to minimize typing in the terminal
            </li>
            <li>
              make music play in the browser depending on app settings
            </li>
            <li>
              create a component library of common UI elements
            </li>
            <li>
              articulate my vision for a product
            </li>
            <li>
              incorporate user feedback
            </li>
          </ul>
        </div>
        <div
          class="Project-links"
        >
          <a
            class="demo"
            href="https://art-buddy.surge.sh"
            rel="noreferrer"
            target="_blank"
            title="Demo for Art Buddy"
          >
            <svg
              aria-hidden="true"
              class="svg-inline--fa fa-globe fa-w-16 "
              data-icon="globe"
              data-prefix="fas"
              focusable="false"
              role="img"
              viewBox="0 0 496 512"
              xmlns="http://www.w3.org/2000/svg"
            >
              <path
                d="M336.5 160C322 70.7 287.8 8 248 8s-74 62.7-88.5 152h177zM152 256c0 22.2 1.2 43.5 3.3 64h185.3c2.1-20.5 3.3-41.8 3.3-64s-1.2-43.5-3.3-64H155.3c-2.1 20.5-3.3 41.8-3.3 64zm324.7-96c-28.6-67.9-86.5-120.4-158-141.6 24.4 33.8 41.2 84.7 50 141.6h108zM177.2 18.4C105.8 39.6 47.8 92.1 19.3 160h108c8.7-56.9 25.5-107.8 49.9-141.6zM487.4 192H372.7c2.1 21 3.3 42.5 3.3 64s-1.2 43-3.3 64h114.6c5.5-20.5 8.6-41.8 8.6-64s-3.1-43.5-8.5-64zM120 256c0-21.5 1.2-43 3.3-64H8.6C3.2 212.5 0 233.8 0 256s3.2 43.5 8.6 64h114.6c-2-21-3.2-42.5-3.2-64zm39.5 96c14.5 89.3 48.7 152 88.5 152s74-62.7 88.5-152h-177zm159.3 141.6c71.4-21.2 129.4-73.7 158-141.6h-108c-8.8 56.9-25.6 107.8-50 141.6zM19.3 352c28.6 67.9 86.5 120.4 158 141.6-24.4-33.8-41.2-84.7-50-141.6h-108z"
                fill="currentColor"
              />
            </svg>
          </a>
          <a
            class="github"
            href="https://github.com/Adam-Thometz/Art-Buddy"
            rel="noreferrer"
            target="_blank"
            title="Github repo for Art Buddy"
          >
            <svg
              aria-hidden="true"
              class="svg-inline--fa fa-github fa-w-16 "
              data-icon="github"
              data-prefix="fab"
              focusable="false"
              role="img"
              viewBox="0 0 496 512"
              xmlns="http://www.w3.org/2000/svg"
            >
              <path
                d="M165.9 397.4c0 2-2.3 3.6-5.2 3.6-3.3.3-5.6-1.3-5.6-3.6 0-2 2.3-3.6 5.2-3.6 3-.3 5.6 1.3 5.6 3.6zm-31.1-4.5c-.7 2 1.3 4.3 4.3 4.9 2.6 1 5.6 0 6.2-2s-1.3-4.3-4.3-5.2c-2.6-.7-5.5.3-6.2 2.3zm44.2-1.7c-2.9.7-4.9 2.6-4.6 4.9.3 2 2.9 3.3 5.9 2.6 2.9-.7 4.9-2.6 4.6-4.6-.3-1.9-3-3.2-5.9-2.9zM244.8 8C106.1 8 0 113.3 0 252c0 110.9 69.8 205.8 169.5 239.2 12.8 2.3 17.3-5.6 17.3-12.1 0-6.2-.3-40.4-.3-61.4 0 0-70 15-84.7-29.8 0 0-11.4-29.1-27.8-36.6 0 0-22.9-15.7 1.6-15.4 0 0 24.9 2 38.6 25.8 21.9 38.6 58.6 27.5 72.9 20.9 2.3-16 8.8-27.1 16-33.7-55.9-6.2-112.3-14.3-112.3-110.5 0-27.5 7.6-41.3 23.6-58.9-2.6-6.5-11.1-33.3 2.6-67.9 20.9-6.5 69 27 69 27 20-5.6 41.5-8.5 62.8-8.5s42.8 2.9 62.8 8.5c0 0 48.1-33.6 69-27 13.7 34.7 5.2 61.4 2.6 67.9 16 17.7 25.8 31.5 25.8 58.9 0 96.5-58.9 104.2-114.8 110.5 9.2 7.9 17 22.9 17 46.4 0 33.7-.3 75.4-.3 83.6 0 6.5 4.6 14.4 17.3 12.1C428.2 457.8 496 362.9 496 252 496 113.3 383.5 8 244.8 8zM97.2 352.9c-1.3 1-1 3.3.7 5.2 1.6 1.6 3.9 2.3 5.2 1 1.3-1 1-3.3-.7-5.2-1.6-1.6-3.9-2.3-5.2-1zm-10.8-8.1c-.7 1.3.3 2.9 2.3 3.9 1.6 1 3.6.7 4.3-.7.7-1.3-.3-2.9-2.3-3.9-2-.6-3.6-.3-4.3.7zm32.4 35.6c-1.6 1.3-1 4.3 1.3 6.2 2.3 2.3 5.2 2.6 6.5 1 1.3-1.3.7-4.3-1.3-6.2-2.2-2.3-5.2-2.6-6.5-1zm-11.4-14.7c-1.6 1-1.6 3.6 0 5.9 1.6 2.3 4.3 3.3 5.6 2.3 1.6-1.3 1.6-3.9 0-6.2-1.4-2.3-4-3.3-5.6-2z"
                fill="currentColor"
              />
            </svg>
          </a>
        </div>
      </div>
    </div>
  </section>
</DocumentFragment>
`;
